.next/dev/types/validator.ts(25,44): error TS2344: Type 'Route' does not satisfy the constraint '"/"'.
  Type 'LayoutRoutes' is not assignable to type '"/"'.
    Type '"/admin"' is not assignable to type '"/"'.
.next/dev/types/validator.ts(25,75): error TS2344: Type 'Route' does not satisfy the constraint '"/"'.
  Type 'LayoutRoutes' is not assignable to type '"/"'.
    Type '"/admin"' is not assignable to type '"/"'.
